Task-3: Using the terminal, practice navigating through directories, listing file contents, and moving files to different locations.
==>
==>

Welcome to Ubuntu 24.04.1 LTS (GNU/Linux 5.15.167.4-microsoft-standard-WSL2 x86_64)

 * Documentation:  https://help.ubuntu.com
 * Management:     https://landscape.canonical.com
 * Support:        https://ubuntu.com/pro

 System information as of Mon Jun  9 03:28:09 UTC 2025

  System load:  0.08                Processes:             55
  Usage of /:   0.1% of 1006.85GB   Users logged in:       0
  Memory usage: 10%                 IPv4 address for eth0: 172.18.16.131
  Swap usage:   0%

 * Strictly confined Kubernetes makes edge and IoT secure. Learn how MicroK8s
   just raised the bar for easy, resilient and secure K8s cluster deployment.

   https://ubuntu.com/engage/secure-kubernetes-at-the-edge

This message is shown once a day. To disable it please create the
/home/akashshinde/.hushlogin file.

akashshinde@Devadatta:~$ git clone git@github.com:akascaptain/Linux-Git-Assignment.git
fatal: destination path 'Linux-Git-Assignment' already exists and is not an empty directory.

akashshinde@Devadatta:~$ cd Linux-Git-Assignment

akashshinde@Devadatta:~/Linux-Git-Assignment$ cd Task-3-Using-The-Terminal

akashshinde@Devadatta:~/Linux-Git-Assignment/Task-3-Using-The-Terminal$ touch a.txt b.txt c.txt

akashshinde@Devadatta:~/Linux-Git-Assignment/Task-3-Using-The-Terminal$ mkdir directory1 directory2 directory3

akashshinde@Devadatta:~/Linux-Git-Assignment/Task-3-Using-The-Terminal$ touch directory1/fileA.txt directory2/fileB.txt

akashshinde@Devadatta:~/Linux-Git-Assignment/Task-3-Using-The-Terminal$ ls
Text.txt  a.txt  b.txt  c.txt  directory1  directory2  directory3

akashshinde@Devadatta:~/Linux-Git-Assignment/Task-3-Using-The-Terminal$ tree
Command 'tree' not found, but can be installed with:
sudo snap install tree  # version 2.1.3+pkg-5852, or
sudo apt  install tree  # version 2.1.1-2
See 'snap info tree' for additional versions.

akashshinde@Devadatta:~/Linux-Git-Assignment/Task-3-Using-The-Terminal$ sudo snap install tree
[sudo] password for akashshinde:
2025-06-09T03:45:13Z INFO Waiting for automatic snapd restart...
tree 2.1.3+pkg-5852 from 林博仁(Buo-ren Lin) (brlin) installed

akashshinde@Devadatta:~/Linux-Git-Assignment/Task-3-Using-The-Terminal$ tree
.
├── Text.txt
├── a.txt
├── b.txt
├── c.txt
├── directory1
│   └── fileA.txt
├── directory2
│   └── fileB.txt
└── directory3

4 directories, 6 files

akashshinde@Devadatta:~/Linux-Git-Assignment/Task-3-Using-The-Terminal$ ls -l
total 16
-rw-r--r-- 1 akashshinde akashshinde  133 Jun  8 18:37 Text.txt
-rw-r--r-- 1 akashshinde akashshinde    0 Jun  9 03:34 a.txt
-rw-r--r-- 1 akashshinde akashshinde    0 Jun  9 03:34 b.txt
-rw-r--r-- 1 akashshinde akashshinde    0 Jun  9 03:34 c.txt
drwxr-xr-x 2 akashshinde akashshinde 4096 Jun  9 03:36 directory1
drwxr-xr-x 2 akashshinde akashshinde 4096 Jun  9 03:36 directory2
drwxr-xr-x 2 akashshinde akashshinde 4096 Jun  9 03:35 directory3

akashshinde@Devadatta:~/Linux-Git-Assignment/Task-3-Using-The-Terminal$ cd directory1 ls cd..
-bash: cd: too many arguments

akashshinde@Devadatta:~/Linux-Git-Assignment/Task-3-Using-The-Terminal$ cd directory1 ls
-bash: cd: too many arguments

akashshinde@Devadatta:~/Linux-Git-Assignment/Task-3-Using-The-Terminal$ cd directory1

akashshinde@Devadatta:~/Linux-Git-Assignment/Task-3-Using-The-Terminal/directory1$ ls cd..
ls: cannot access 'cd..': No such file or directory

akashshinde@Devadatta:~/Linux-Git-Assignment/Task-3-Using-The-Terminal/directory1$ mv c.text directory2
mv: cannot stat 'c.text': No such file or directory

akashshinde@Devadatta:~/Linux-Git-Assignment/Task-3-Using-The-Terminal/directory1$ cd ..

akashshinde@Devadatta:~/Linux-Git-Assignment/Task-3-Using-The-Terminal$ mv c.text directory2
mv: cannot stat 'c.text': No such file or directory

akashshinde@Devadatta:~/Linux-Git-Assignment/Task-3-Using-The-Terminal$ mv c.txt dir
ectory2

akashshinde@Devadatta:~/Linux-Git-Assignment/Task-3-Using-The-Terminal$ mv a.txt renamed_a.txt

akashshinde@Devadatta:~/Linux-Git-Assignment/Task-3-Using-The-Terminal$ cp renamed_a.txt directory1

akashshinde@Devadatta:~/Linux-Git-Assignment/Task-3-Using-The-Terminal$ rmdir directory1
rmdir: failed to remove 'directory1': Directory not empty

akashshinde@Devadatta:~/Linux-Git-Assignment/Task-3-Using-The-Terminal$ tree
.
├── Text.txt
├── b.txt
├── directory1
│   ├── fileA.txt
│   └── renamed_a.txt
├── directory2
│   ├── c.txt
│   └── fileB.txt
├── directory3
└── renamed_a.txt

4 directories, 7 files

akashshinde@Devadatta:~/Linux-Git-Assignment/Task-3-Using-The-Terminal$ git add Task-3-Using-The-Terminal
fatal: pathspec 'Task-3-Using-The-Terminal' did not match any files

akashshinde@Devadatta:~/Linux-Git-Assignment/Task-3-Using-The-Terminal$ pwd
/home/akashshinde/Linux-Git-Assignment/Task-3-Using-The-Terminal

akashshinde@Devadatta:~/Linux-Git-Assignment/Task-3-Using-The-Terminal$ ls
Text.txt  b.txt  directory1  directory2  directory3  renamed_a.txt

akashshinde@Devadatta:~/Linux-Git-Assignment/Task-3-Using-The-Terminal$ cd ..

akashshinde@Devadatta:~/Linux-Git-Assignment$ git add Task-3-Using-The-Terminal

akashshinde@Devadatta:~/Linux-Git-Assignment$ git commit -m "Added"
[main 65bcc70] Added
 6 files changed, 0 insertions(+), 0 deletions(-)
 create mode 100644 Task-3-Using-The-Terminal/b.txt
 create mode 100644 Task-3-Using-The-Terminal/directory1/fileA.txt
 create mode 100644 Task-3-Using-The-Terminal/directory1/renamed_a.txt
 create mode 100644 Task-3-Using-The-Terminal/directory2/c.txt
 create mode 100644 Task-3-Using-The-Terminal/directory2/fileB.txt
 create mode 100644 Task-3-Using-The-Terminal/renamed_a.txt

akashshinde@Devadatta:~/Linux-Git-Assignment$ git pull origin main --rebase
remote: Enumerating objects: 37, done.
remote: Counting objects: 100% (37/37), done.
remote: Compressing objects: 100% (24/24), done.
remote: Total 34 (delta 9), reused 0 (delta 0), pack-reused 0 (from 0)
Unpacking objects: 100% (34/34), 11.91 KiB | 348.00 KiB/s, done.
From github.com:akascaptain/Linux-Git-Assignment
 * branch            main       -> FETCH_HEAD
   ed70b38..8f386b8  main       -> origin/main
Successfully rebased and updated refs/heads/main.

akashshinde@Devadatta:~/Linux-Git-Assignment$ git push origin main
Enumerating objects: 8, done.
Counting objects: 100% (8/8), done.
Delta compression using up to 4 threads
Compressing objects: 100% (5/5), done.
Writing objects: 100% (6/6), 527 bytes | 263.00 KiB/s, done.
Total 6 (delta 1), reused 0 (delta 0), pack-reused 0
remote: Resolving deltas: 100% (1/1), completed with 1 local object.
To github.com:akascaptain/Linux-Git-Assignment.git
   8f386b8..efc8cb7  main -> main
akashshinde@Devadatta:~/Linux-Git-Assignment$
