Task-2 Execute basic Linux commands (e.g., ls, cd, mkdir, rm, touch) to manipulate files and directories, with an emphasis on understanding their usage.
==>
==>
akashshinde@Devadatta:~$ cd ~

akashshinde@Devadatta:~$ git clone git@github.com:akascaptain/Linux-Git-Assignment.git
fatal: destination path 'Linux-Git-Assignment' already exists and is not an empty directory.

akashshinde@Devadatta:~$ cd Linux-Git-Assignment
akashshinde@Devadatta:~/Linux-Git-Assignment$ cd Task-2-Execute-Basic-Linux-Commandsakashshinde@Devadatta:~/Linux-Git-Assignment/Task-2-Execute-Basic-Linux-Commands$ mkdir example_directory

akashshinde@Devadatta:~/Linux-Git-Assignment/Task-2-Execute-Basic-Linux-Commands$ touch example.txt

akashshinde@Devadatta:~/Linux-Git-Assignment/Task-2-Execute-Basic-Linux-Commands$ echo "This is aka shinde"
This is aka shinde

akashshinde@Devadatta:~/Linux-Git-Assignment/Task-2-Execute-Basic-Linux-Commands$ echo "This is aka shinde" > example.txt

akashshinde@Devadatta:~/Linux-Git-Assignment/Task-2-Execute-Basic-Linux-Commands$ lsTextFile.txt  example.txt  example_directory

akashshinde@Devadatta:~/Linux-Git-Assignment/Task-2-Execute-Basic-Linux-Commands$ rm example.txt

akashshinde@Devadatta:~/Linux-Git-Assignment/Task-2-Execute-Basic-Linux-Commands$ rm -r example_directory

akashshinde@Devadatta:~/Linux-Git-Assignment/Task-2-Execute-Basic-Linux-Commands$ touch basic_commands.sh

akashshinde@Devadatta:~/Linux-Git-Assignment/Task-2-Execute-Basic-Linux-Commands$ cd..
cd..: command not found

akashshinde@Devadatta:~/Linux-Git-Assignment/Task-2-E
xecute-Basic-Linux-Commands$ cd ..

akashshinde@Devadatta:~/Linux-Git-Assignment$ git add Task-2-Execute-Basic-Linux-Commands

akashshinde@Devadatta:~/Linux-Git-Assignment$ git push origin main
To github.com:akascaptain/Linux-Git-Assignment.git
 ! [rejected]        main -> main (fetch first)
error: failed to push some refs to 'github.com:akascaptain/Linux-Git-Assignment.git'hint: Updates were rejected because the remote contains work that you do not
hint: have locally. This is usually caused by another repository pushing to
hint: the same ref. If you want to integrate the remote changes, use
hint: 'git pull' before pushing again.
hint: See the 'Note about fast-forwards' in 'git push --help' for details.

akashshinde@Devadatta:~/Linux-Git-Assignment$ git pull origin main --rebase
error: cannot pull with rebase: Your index contains uncommitted changes.
error: Please commit or stash them.

akashshinde@Devadatta:~/Linux-Git-Assignment$ git commit -m "Done"
[main d7bbf6c] Done
 1 file changed, 0 insertions(+), 0 deletions(-)
 create mode 100644 Task-2-Execute-Basic-Linux-Commands/basic_commands.sh

akashshinde@Devadatta:~/Linux-Git-Assignment$ git push origin main
To github.com:akascaptain/Linux-Git-Assignment.git
 ! [rejected]        main -> main (fetch first)
error: failed to push some refs to 'github.com:akascaptain/Linux-Git-Assignment.git'hint: Updates were rejected because the remote contains work that you do not
hint: have locally. This is usually caused by another repository pushing to
hint: the same ref. If you want to integrate the remote changes, use
hint: 'git pull' before pushing again.
hint: See the 'Note about fast-forwards' in 'git push --help' for details.

akashshinde@Devadatta:~/Linux-Git-Assignment$ git pull origin main --rebase
remote: Enumerating objects: 6, done.
remote: Counting objects: 100% (6/6), done.
remote: Compressing objects: 100% (4/4), done.
remote: Total 4 (delta 1), reused 0 (delta 0), pack-reused 0 (from 0)
Unpacking objects: 100% (4/4), 2.01 KiB | 293.00 KiB/s, done.
From github.com:akascaptain/Linux-Git-Assignment
 * branch            main       -> FETCH_HEAD
   cc50022..caad80f  main       -> origin/main
Successfully rebased and updated refs/heads/main.

akashshinde@Devadatta:~/Linux-Git-Assignment$ git push origin main
Enumerating objects: 6, done.
Counting objects: 100% (6/6), done.
Delta compression using up to 4 threads
Compressing objects: 100% (3/3), done.
Writing objects: 100% (4/4), 353 bytes | 25.00 KiB/s, done.
Total 4 (delta 1), reused 0 (delta 0), pack-reused 0
remote: Resolving deltas: 100% (1/1), completed with 1 local object.
To github.com:akascaptain/Linux-Git-Assignment.git
   caad80f..ed70b38  main -> main

akashshinde@Devadatta:~/Linux-Git-Assignment$
